{
    "software_versions": {
        "content": [
            {
                "BOWTIE2_ALIGN": {
                    "bowtie2": "2.5.4",
                    "pigz": 2.8,
                    "samtools": 1.21
                },
                "FASTP_PAIRED": {
                    "fastp": "0.24.0"
                },
                "FASTQC": {
                    "fastqc": "0.12.1"
                },
                "FASTQC_PROCESSED": {
                    "fastqc": "0.12.1"
                },
                "MERGE_RUNS": {
                    "cat": 9.5
                },
                "MOTUS4_MERGE": {
                    "motus": "4.0.4"
                },
                "MOTUS4_PROFILE": {
                    "motus4": "4.0.4"
                },
                "SAMTOOLS_INDEX": {
                    "samtools": 1.2
                },
                "SAMTOOLS_STATS": {
                    "samtools": 1.2
                },
                "Workflow": {
                    "zellerlab/flexprofiler": "v0.0.1"
                }
            }
        ],
        "timestamp": "2026-05-22T10:43:46.892781",
        "meta": {
            "nf-test": "0.9.5",
            "nextflow": "25.10.4"
        }
    },
    "filenames": {
        "content": [
            [
                "bowtie2",
                "bowtie2/align",
                "bowtie2/align/2612_ERR5766176.bowtie2.log",
                "bowtie2/align/2612_ERR5766176_B.bowtie2.log",
                "bowtie2/align/2613_ERR5766181.bowtie2.log",
                "fastp",
                "fastp/2612_ERR5766176.fastp.html",
                "fastp/2612_ERR5766176.fastp.json",
                "fastp/2612_ERR5766176.fastp.log",
                "fastp/2612_ERR5766176_B.fastp.html",
                "fastp/2612_ERR5766176_B.fastp.json",
                "fastp/2612_ERR5766176_B.fastp.log",
                "fastp/2613_ERR5766181.fastp.html",
                "fastp/2613_ERR5766181.fastp.json",
                "fastp/2613_ERR5766181.fastp.log",
                "fastqc",
                "fastqc/processed",
                "fastqc/processed/2612_ERR5766176_B_processed_1_fastqc.html",
                "fastqc/processed/2612_ERR5766176_B_processed_1_fastqc.zip",
                "fastqc/processed/2612_ERR5766176_B_processed_2_fastqc.html",
                "fastqc/processed/2612_ERR5766176_B_processed_2_fastqc.zip",
                "fastqc/processed/2612_ERR5766176_processed_1_fastqc.html",
                "fastqc/processed/2612_ERR5766176_processed_1_fastqc.zip",
                "fastqc/processed/2612_ERR5766176_processed_2_fastqc.html",
                "fastqc/processed/2612_ERR5766176_processed_2_fastqc.zip",
                "fastqc/processed/2613_ERR5766181_processed_1_fastqc.html",
                "fastqc/processed/2613_ERR5766181_processed_1_fastqc.zip",
                "fastqc/processed/2613_ERR5766181_processed_2_fastqc.html",
                "fastqc/processed/2613_ERR5766181_processed_2_fastqc.zip",
                "fastqc/raw",
                "fastqc/raw/2612_ERR5766176_B_raw_1_fastqc.html",
                "fastqc/raw/2612_ERR5766176_B_raw_1_fastqc.zip",
                "fastqc/raw/2612_ERR5766176_B_raw_2_fastqc.html",
                "fastqc/raw/2612_ERR5766176_B_raw_2_fastqc.zip",
                "fastqc/raw/2612_ERR5766176_raw_1_fastqc.html",
                "fastqc/raw/2612_ERR5766176_raw_1_fastqc.zip",
                "fastqc/raw/2612_ERR5766176_raw_2_fastqc.html",
                "fastqc/raw/2612_ERR5766176_raw_2_fastqc.zip",
                "fastqc/raw/2613_ERR5766181_raw_1_fastqc.html",
                "fastqc/raw/2613_ERR5766181_raw_1_fastqc.zip",
                "fastqc/raw/2613_ERR5766181_raw_2_fastqc.html",
                "fastqc/raw/2613_ERR5766181_raw_2_fastqc.zip",
                "motus4",
                "motus4/merge",
                "motus4/merge/motus4_db1_combined_reports.txt",
                "motus4/profile",
                "motus4/profile/db1",
                "motus4/profile/db1/2612_db1.log",
                "motus4/profile/db1/2612_db1.out",
                "motus4/profile/db1/2612_db1.out.mgc",
                "motus4/profile/db1/2613_db1.log",
                "motus4/profile/db1/2613_db1.out",
                "motus4/profile/db1/2613_db1.out.mgc",
                "multiqc",
                "multiqc/multiqc_data",
                "multiqc/multiqc_data/bowtie2_pe_plot.txt",
                "multiqc/multiqc_data/fastp-insert-size-plot.txt",
                "multiqc/multiqc_data/fastp-seq-content-gc-plot_Read_1_After_filtering.txt",
                "multiqc/multiqc_data/fastp-seq-content-gc-plot_Read_1_Before_filtering.txt",
                "multiqc/multiqc_data/fastp-seq-content-gc-plot_Read_2_After_filtering.txt",
                "multiqc/multiqc_data/fastp-seq-content-gc-plot_Read_2_Before_filtering.txt",
                "multiqc/multiqc_data/fastp-seq-content-n-plot_Read_1_After_filtering.txt",
                "multiqc/multiqc_data/fastp-seq-content-n-plot_Read_1_Before_filtering.txt",
                "multiqc/multiqc_data/fastp-seq-content-n-plot_Read_2_After_filtering.txt",
                "multiqc/multiqc_data/fastp-seq-content-n-plot_Read_2_Before_filtering.txt",
                "multiqc/multiqc_data/fastp-seq-quality-plot_Read_1_After_filtering.txt",
                "multiqc/multiqc_data/fastp-seq-quality-plot_Read_1_Before_filtering.txt",
                "multiqc/multiqc_data/fastp-seq-quality-plot_Read_2_After_filtering.txt",
                "multiqc/multiqc_data/fastp-seq-quality-plot_Read_2_Before_filtering.txt",
                "multiqc/multiqc_data/fastp_filtered_reads_plot.txt",
                "multiqc/multiqc_data/fastqc-1-status-check-heatmap.txt",
                "multiqc/multiqc_data/fastqc-1_adapter_content_plot.txt",
                "multiqc/multiqc_data/fastqc-1_per_base_n_content_plot.txt",
                "multiqc/multiqc_data/fastqc-1_per_base_sequence_quality_plot.txt",
                "multiqc/multiqc_data/fastqc-1_per_sequence_gc_content_plot_Counts.txt",
                "multiqc/multiqc_data/fastqc-1_per_sequence_gc_content_plot_Percentages.txt",
                "multiqc/multiqc_data/fastqc-1_per_sequence_quality_scores_plot.txt",
                "multiqc/multiqc_data/fastqc-1_sequence_counts_plot.txt",
                "multiqc/multiqc_data/fastqc-1_sequence_duplication_levels_plot.txt",
                "multiqc/multiqc_data/fastqc-status-check-heatmap.txt",
                "multiqc/multiqc_data/fastqc_adapter_content_plot.txt",
                "multiqc/multiqc_data/fastqc_per_base_n_content_plot.txt",
                "multiqc/multiqc_data/fastqc_per_base_sequence_quality_plot.txt",
                "multiqc/multiqc_data/fastqc_per_sequence_gc_content_plot_Counts.txt",
                "multiqc/multiqc_data/fastqc_per_sequence_gc_content_plot_Percentages.txt",
                "multiqc/multiqc_data/fastqc_per_sequence_quality_scores_plot.txt",
                "multiqc/multiqc_data/fastqc_sequence_counts_plot.txt",
                "multiqc/multiqc_data/fastqc_sequence_duplication_levels_plot.txt",
                "multiqc/multiqc_data/fastqc_sequence_length_distribution_plot.txt",
                "multiqc/multiqc_data/llms-full.txt",
                "multiqc/multiqc_data/multiqc.log",
                "multiqc/multiqc_data/multiqc.parquet",
                "multiqc/multiqc_data/multiqc_bowtie2.txt",
                "multiqc/multiqc_data/multiqc_citations.txt",
                "multiqc/multiqc_data/multiqc_data.json",
                "multiqc/multiqc_data/multiqc_fastp.txt",
                "multiqc/multiqc_data/multiqc_fastqc.txt",
                "multiqc/multiqc_data/multiqc_fastqc_fastqc-1.txt",
                "multiqc/multiqc_data/multiqc_general_stats.txt",
                "multiqc/multiqc_data/multiqc_samtools_stats.txt",
                "multiqc/multiqc_data/multiqc_software_versions.txt",
                "multiqc/multiqc_data/multiqc_sources.txt",
                "multiqc/multiqc_data/samtools-stats-dp.txt",
                "multiqc/multiqc_data/samtools_alignment_plot.txt",
                "multiqc/multiqc_plots",
                "multiqc/multiqc_plots/pdf",
                "multiqc/multiqc_plots/pdf/bowtie2_pe_plot-cnt.pdf",
                "multiqc/multiqc_plots/pdf/bowtie2_pe_plot-pct.pdf",
                "multiqc/multiqc_plots/pdf/fastp-insert-size-plot.pdf",
                "multiqc/multiqc_plots/pdf/fastp-seq-content-gc-plot_Read_1_After_filtering.pdf",
                "multiqc/multiqc_plots/pdf/fastp-seq-content-gc-plot_Read_1_Before_filtering.pdf",
                "multiqc/multiqc_plots/pdf/fastp-seq-content-gc-plot_Read_2_After_filtering.pdf",
                "multiqc/multiqc_plots/pdf/fastp-seq-content-gc-plot_Read_2_Before_filtering.pdf",
                "multiqc/multiqc_plots/pdf/fastp-seq-content-n-plot_Read_1_After_filtering.pdf",
                "multiqc/multiqc_plots/pdf/fastp-seq-content-n-plot_Read_1_Before_filtering.pdf",
                "multiqc/multiqc_plots/pdf/fastp-seq-content-n-plot_Read_2_After_filtering.pdf",
                "multiqc/multiqc_plots/pdf/fastp-seq-content-n-plot_Read_2_Before_filtering.pdf",
                "multiqc/multiqc_plots/pdf/fastp-seq-quality-plot_Read_1_After_filtering.pdf",
                "multiqc/multiqc_plots/pdf/fastp-seq-quality-plot_Read_1_Before_filtering.pdf",
                "multiqc/multiqc_plots/pdf/fastp-seq-quality-plot_Read_2_After_filtering.pdf",
                "multiqc/multiqc_plots/pdf/fastp-seq-quality-plot_Read_2_Before_filtering.pdf",
                "multiqc/multiqc_plots/pdf/fastp_filtered_reads_plot-cnt.pdf",
                "multiqc/multiqc_plots/pdf/fastp_filtered_reads_plot-pct.pdf",
                "multiqc/multiqc_plots/pdf/fastqc-1_adapter_content_plot.pdf",
                "multiqc/multiqc_plots/pdf/fastqc-1_per_base_n_content_plot.pdf",
                "multiqc/multiqc_plots/pdf/fastqc-1_per_base_sequence_quality_plot.pdf",
                "multiqc/multiqc_plots/pdf/fastqc-1_per_sequence_gc_content_plot_Counts.pdf",
                "multiqc/multiqc_plots/pdf/fastqc-1_per_sequence_gc_content_plot_Percentages.pdf",
                "multiqc/multiqc_plots/pdf/fastqc-1_per_sequence_quality_scores_plot.pdf",
                "multiqc/multiqc_plots/pdf/fastqc-1_sequence_counts_plot-cnt.pdf",
                "multiqc/multiqc_plots/pdf/fastqc-1_sequence_counts_plot-pct.pdf",
                "multiqc/multiqc_plots/pdf/fastqc-1_sequence_duplication_levels_plot.pdf",
                "multiqc/multiqc_plots/pdf/fastqc_adapter_content_plot.pdf",
                "multiqc/multiqc_plots/pdf/fastqc_per_base_n_content_plot.pdf",
                "multiqc/multiqc_plots/pdf/fastqc_per_base_sequence_quality_plot.pdf",
                "multiqc/multiqc_plots/pdf/fastqc_per_sequence_gc_content_plot_Counts.pdf",
                "multiqc/multiqc_plots/pdf/fastqc_per_sequence_gc_content_plot_Percentages.pdf",
                "multiqc/multiqc_plots/pdf/fastqc_per_sequence_quality_scores_plot.pdf",
                "multiqc/multiqc_plots/pdf/fastqc_sequence_counts_plot-cnt.pdf",
                "multiqc/multiqc_plots/pdf/fastqc_sequence_counts_plot-pct.pdf",
                "multiqc/multiqc_plots/pdf/fastqc_sequence_duplication_levels_plot.pdf",
                "multiqc/multiqc_plots/pdf/fastqc_sequence_length_distribution_plot.pdf",
                "multiqc/multiqc_plots/pdf/samtools-stats-dp.pdf",
                "multiqc/multiqc_plots/pdf/samtools_alignment_plot-cnt.pdf",
                "multiqc/multiqc_plots/pdf/samtools_alignment_plot-pct.pdf",
                "multiqc/multiqc_plots/png",
                "multiqc/multiqc_plots/png/bowtie2_pe_plot-cnt.png",
                "multiqc/multiqc_plots/png/bowtie2_pe_plot-pct.png",
                "multiqc/multiqc_plots/png/fastp-insert-size-plot.png",
                "multiqc/multiqc_plots/png/fastp-seq-content-gc-plot_Read_1_After_filtering.png",
                "multiqc/multiqc_plots/png/fastp-seq-content-gc-plot_Read_1_Before_filtering.png",
                "multiqc/multiqc_plots/png/fastp-seq-content-gc-plot_Read_2_After_filtering.png",
                "multiqc/multiqc_plots/png/fastp-seq-content-gc-plot_Read_2_Before_filtering.png",
                "multiqc/multiqc_plots/png/fastp-seq-content-n-plot_Read_1_After_filtering.png",
                "multiqc/multiqc_plots/png/fastp-seq-content-n-plot_Read_1_Before_filtering.png",
                "multiqc/multiqc_plots/png/fastp-seq-content-n-plot_Read_2_After_filtering.png",
                "multiqc/multiqc_plots/png/fastp-seq-content-n-plot_Read_2_Before_filtering.png",
                "multiqc/multiqc_plots/png/fastp-seq-quality-plot_Read_1_After_filtering.png",
                "multiqc/multiqc_plots/png/fastp-seq-quality-plot_Read_1_Before_filtering.png",
                "multiqc/multiqc_plots/png/fastp-seq-quality-plot_Read_2_After_filtering.png",
                "multiqc/multiqc_plots/png/fastp-seq-quality-plot_Read_2_Before_filtering.png",
                "multiqc/multiqc_plots/png/fastp_filtered_reads_plot-cnt.png",
                "multiqc/multiqc_plots/png/fastp_filtered_reads_plot-pct.png",
                "multiqc/multiqc_plots/png/fastqc-1_adapter_content_plot.png",
                "multiqc/multiqc_plots/png/fastqc-1_per_base_n_content_plot.png",
                "multiqc/multiqc_plots/png/fastqc-1_per_base_sequence_quality_plot.png",
                "multiqc/multiqc_plots/png/fastqc-1_per_sequence_gc_content_plot_Counts.png",
                "multiqc/multiqc_plots/png/fastqc-1_per_sequence_gc_content_plot_Percentages.png",
                "multiqc/multiqc_plots/png/fastqc-1_per_sequence_quality_scores_plot.png",
                "multiqc/multiqc_plots/png/fastqc-1_sequence_counts_plot-cnt.png",
                "multiqc/multiqc_plots/png/fastqc-1_sequence_counts_plot-pct.png",
                "multiqc/multiqc_plots/png/fastqc-1_sequence_duplication_levels_plot.png",
                "multiqc/multiqc_plots/png/fastqc_adapter_content_plot.png",
                "multiqc/multiqc_plots/png/fastqc_per_base_n_content_plot.png",
                "multiqc/multiqc_plots/png/fastqc_per_base_sequence_quality_plot.png",
                "multiqc/multiqc_plots/png/fastqc_per_sequence_gc_content_plot_Counts.png",
                "multiqc/multiqc_plots/png/fastqc_per_sequence_gc_content_plot_Percentages.png",
                "multiqc/multiqc_plots/png/fastqc_per_sequence_quality_scores_plot.png",
                "multiqc/multiqc_plots/png/fastqc_sequence_counts_plot-cnt.png",
                "multiqc/multiqc_plots/png/fastqc_sequence_counts_plot-pct.png",
                "multiqc/multiqc_plots/png/fastqc_sequence_duplication_levels_plot.png",
                "multiqc/multiqc_plots/png/fastqc_sequence_length_distribution_plot.png",
                "multiqc/multiqc_plots/png/samtools-stats-dp.png",
                "multiqc/multiqc_plots/png/samtools_alignment_plot-cnt.png",
                "multiqc/multiqc_plots/png/samtools_alignment_plot-pct.png",
                "multiqc/multiqc_plots/svg",
                "multiqc/multiqc_plots/svg/bowtie2_pe_plot-cnt.svg",
                "multiqc/multiqc_plots/svg/bowtie2_pe_plot-pct.svg",
                "multiqc/multiqc_plots/svg/fastp-insert-size-plot.svg",
                "multiqc/multiqc_plots/svg/fastp-seq-content-gc-plot_Read_1_After_filtering.svg",
                "multiqc/multiqc_plots/svg/fastp-seq-content-gc-plot_Read_1_Before_filtering.svg",
                "multiqc/multiqc_plots/svg/fastp-seq-content-gc-plot_Read_2_After_filtering.svg",
                "multiqc/multiqc_plots/svg/fastp-seq-content-gc-plot_Read_2_Before_filtering.svg",
                "multiqc/multiqc_plots/svg/fastp-seq-content-n-plot_Read_1_After_filtering.svg",
                "multiqc/multiqc_plots/svg/fastp-seq-content-n-plot_Read_1_Before_filtering.svg",
                "multiqc/multiqc_plots/svg/fastp-seq-content-n-plot_Read_2_After_filtering.svg",
                "multiqc/multiqc_plots/svg/fastp-seq-content-n-plot_Read_2_Before_filtering.svg",
                "multiqc/multiqc_plots/svg/fastp-seq-quality-plot_Read_1_After_filtering.svg",
                "multiqc/multiqc_plots/svg/fastp-seq-quality-plot_Read_1_Before_filtering.svg",
                "multiqc/multiqc_plots/svg/fastp-seq-quality-plot_Read_2_After_filtering.svg",
                "multiqc/multiqc_plots/svg/fastp-seq-quality-plot_Read_2_Before_filtering.svg",
                "multiqc/multiqc_plots/svg/fastp_filtered_reads_plot-cnt.svg",
                "multiqc/multiqc_plots/svg/fastp_filtered_reads_plot-pct.svg",
                "multiqc/multiqc_plots/svg/fastqc-1_adapter_content_plot.svg",
                "multiqc/multiqc_plots/svg/fastqc-1_per_base_n_content_plot.svg",
                "multiqc/multiqc_plots/svg/fastqc-1_per_base_sequence_quality_plot.svg",
                "multiqc/multiqc_plots/svg/fastqc-1_per_sequence_gc_content_plot_Counts.svg",
                "multiqc/multiqc_plots/svg/fastqc-1_per_sequence_gc_content_plot_Percentages.svg",
                "multiqc/multiqc_plots/svg/fastqc-1_per_sequence_quality_scores_plot.svg",
                "multiqc/multiqc_plots/svg/fastqc-1_sequence_counts_plot-cnt.svg",
                "multiqc/multiqc_plots/svg/fastqc-1_sequence_counts_plot-pct.svg",
                "multiqc/multiqc_plots/svg/fastqc-1_sequence_duplication_levels_plot.svg",
                "multiqc/multiqc_plots/svg/fastqc_adapter_content_plot.svg",
                "multiqc/multiqc_plots/svg/fastqc_per_base_n_content_plot.svg",
                "multiqc/multiqc_plots/svg/fastqc_per_base_sequence_quality_plot.svg",
                "multiqc/multiqc_plots/svg/fastqc_per_sequence_gc_content_plot_Counts.svg",
                "multiqc/multiqc_plots/svg/fastqc_per_sequence_gc_content_plot_Percentages.svg",
                "multiqc/multiqc_plots/svg/fastqc_per_sequence_quality_scores_plot.svg",
                "multiqc/multiqc_plots/svg/fastqc_sequence_counts_plot-cnt.svg",
                "multiqc/multiqc_plots/svg/fastqc_sequence_counts_plot-pct.svg",
                "multiqc/multiqc_plots/svg/fastqc_sequence_duplication_levels_plot.svg",
                "multiqc/multiqc_plots/svg/fastqc_sequence_length_distribution_plot.svg",
                "multiqc/multiqc_plots/svg/samtools-stats-dp.svg",
                "multiqc/multiqc_plots/svg/samtools_alignment_plot-cnt.svg",
                "multiqc/multiqc_plots/svg/samtools_alignment_plot-pct.svg",
                "multiqc/multiqc_report.html",
                "pipeline_info",
                "pipeline_info/params_2026-05-22_11-35-40.json",
                "pipeline_info/pipeline_dag_2026-05-22_11-35-38.html",
                "pipeline_info/zellerlab_flexprofiler_software_mqc_versions.yml",
                "samtools",
                "samtools/stats",
                "samtools/stats/2612_ERR5766176.stats",
                "samtools/stats/2612_ERR5766176_B.stats",
                "samtools/stats/2613_ERR5766181.stats"
            ]
        ],
        "timestamp": "2026-05-22T11:49:11.877146",
        "meta": {
            "nf-test": "0.9.5",
            "nextflow": "25.10.4"
        }
    },
    "md5sums": {
        "content": [
            [
                "2612_ERR5766176.bowtie2.log:md5,631ec592645578029be2c86238ef08b8",
                "2612_ERR5766176_B.bowtie2.log:md5,631ec592645578029be2c86238ef08b8",
                "2613_ERR5766181.bowtie2.log:md5,708477f653243cd074c135eb2f8ca11f",
                "2612_ERR5766176.fastp.html:md5,eb3698132b7dad022e245b4e218cac86",
                "2612_ERR5766176.fastp.json:md5,52a3b38463b361ab08bf3004dc6db074",
                "2612_ERR5766176.fastp.log:md5,e716d79248a4f007bdaddaf044e7e61d",
                "2612_ERR5766176_B.fastp.html:md5,e5fdc409670963a065a10ff41cecd48b",
                "2612_ERR5766176_B.fastp.json:md5,e6fa3d59fc6ec9e8253b3e0f35c5d76e",
                "2612_ERR5766176_B.fastp.log:md5,da59e4b8fac0a40efbc0c62589c5c1d5",
                "2613_ERR5766181.fastp.html:md5,9328f681a294805117878f9ce449855f",
                "2613_ERR5766181.fastp.json:md5,389c090a70c5da09a85926ad95405397",
                "2613_ERR5766181.fastp.log:md5,6ffacd86d3dfc0506dc36df64e2f1a6e",
                "2612_ERR5766176_B_processed_1_fastqc.html:md5,350a744f644c5dd377cb36c4cc6f6d66",
                "2612_ERR5766176_B_processed_1_fastqc.zip:md5,9bf192c8eff18681121650f7e289ef35",
                "2612_ERR5766176_B_processed_2_fastqc.html:md5,1e5aa5e517c2d61d23b4f612c34d41e1",
                "2612_ERR5766176_B_processed_2_fastqc.zip:md5,90e34bef6cc9c8241b71ef65571ce695",
                "2612_ERR5766176_processed_1_fastqc.html:md5,8485d638cd962dec89c977ff2505046f",
                "2612_ERR5766176_processed_1_fastqc.zip:md5,24a12c0735983db94fcc88950713a924",
                "2612_ERR5766176_processed_2_fastqc.html:md5,7139db5505eeedc3756a13330bd6fc76",
                "2612_ERR5766176_processed_2_fastqc.zip:md5,84e7ec98e30a4552c6a1a030f175c219",
                "2613_ERR5766181_processed_1_fastqc.html:md5,6147bb5dde696ad2c2bea58c1f53888b",
                "2613_ERR5766181_processed_1_fastqc.zip:md5,cdcc2df542fff1a790b017c192222e73",
                "2613_ERR5766181_processed_2_fastqc.html:md5,831286324eb51974d6c0c9af38e8ad3a",
                "2613_ERR5766181_processed_2_fastqc.zip:md5,6b5ec417f580c00af5f8f4e24f031178",
                "2612_ERR5766176_B_raw_1_fastqc.html:md5,cd2f374cf45d64af43584ab15a34789b",
                "2612_ERR5766176_B_raw_1_fastqc.zip:md5,0c3fcd5f80b25231d6f8817f2e81c0c9",
                "2612_ERR5766176_B_raw_2_fastqc.html:md5,ebe15f1a01f0fd659d5e1b005d8c826d",
                "2612_ERR5766176_B_raw_2_fastqc.zip:md5,b9d5eea632b75494bba524da6800c686",
                "2612_ERR5766176_raw_1_fastqc.html:md5,08d3976f75c9bb7df3eef5b4fbc84ece",
                "2612_ERR5766176_raw_1_fastqc.zip:md5,39019db4debea88073c805c216ffa1ef",
                "2612_ERR5766176_raw_2_fastqc.html:md5,1e1789da0273de19979c349e03239f9b",
                "2612_ERR5766176_raw_2_fastqc.zip:md5,5c6836a3f50598f88a7be6e21fb32ee6",
                "2613_ERR5766181_raw_1_fastqc.html:md5,c090a3edb1f50179a3e4ab963420a9ab",
                "2613_ERR5766181_raw_1_fastqc.zip:md5,966463ebdf2b096123c1e22a875fbae6",
                "2613_ERR5766181_raw_2_fastqc.html:md5,be474038db3b569143a6bfad402a5dd3",
                "2613_ERR5766181_raw_2_fastqc.zip:md5,f9b658695c06fb265ca3ec4073d315e2",
                "motus4_db1_combined_reports.txt:md5,af6a7e7af23b54cc08fc1ae29b84ca04",
                "2612_db1.log:md5,f0226a1a670a5c1940a6d1d8fc4e3cc1",
                "2612_db1.out:md5,475ff44fe9153112307b0aef5d9032ab",
                "2612_db1.out.mgc:md5,7c67640d6b59ac30176f16dcf262fdc6",
                "2613_db1.log:md5,4a4f3b1483a97c27795b637508ec2d53",
                "2613_db1.out:md5,a8f56d1834039c7dda4ae879c47d2a91",
                "2613_db1.out.mgc:md5,0977b49408be52bcc9907922fc71ca06",
                "bowtie2_pe_plot.txt:md5,f64286380fd1e28f51228af1976d61ca",
                "fastp-insert-size-plot.txt:md5,7bdef972a63037183dd2e8b5055de5db",
                "fastp-seq-content-gc-plot_Read_1_After_filtering.txt:md5,de9625ba8a7167269fb7f582b71ffe12",
                "fastp-seq-content-gc-plot_Read_1_Before_filtering.txt:md5,76a429330f7f9782c2e89b15b4661f29",
                "fastp-seq-content-gc-plot_Read_2_After_filtering.txt:md5,62d6009b064c2e2bdfc4331fbe854d96",
                "fastp-seq-content-gc-plot_Read_2_Before_filtering.txt:md5,e0dcfcf1f1bbad6f326a03629b3a043d",
                "fastp-seq-content-n-plot_Read_1_After_filtering.txt:md5,7ac6f9416c4676cf69999efd4c786df8",
                "fastp-seq-content-n-plot_Read_1_Before_filtering.txt:md5,de39b73b58cf5c4617d616d799f7a0d4",
                "fastp-seq-content-n-plot_Read_2_After_filtering.txt:md5,0b96f2ec06b42dc11f09546c1245e90c",
                "fastp-seq-content-n-plot_Read_2_Before_filtering.txt:md5,8ba293f755a6a7a280bf8054596cc1a6",
                "fastp-seq-quality-plot_Read_1_After_filtering.txt:md5,1e6232a1f5a396e2ccc320c36c639c7a",
                "fastp-seq-quality-plot_Read_1_Before_filtering.txt:md5,3c11cf3bc8dfcebdc4c7f960bf5bb60a",
                "fastp-seq-quality-plot_Read_2_After_filtering.txt:md5,89c6f6914ad45bb8d3c08dc1dacf3428",
                "fastp-seq-quality-plot_Read_2_Before_filtering.txt:md5,885f06596b3feac36fc47676a0d8aa74",
                "fastp_filtered_reads_plot.txt:md5,df7972d8e602a30a2fb1e6d4ea4f707e",
                "fastqc-1-status-check-heatmap.txt:md5,2dcd3a1558049a2bedffbfaaf5dd89e1",
                "fastqc-1_adapter_content_plot.txt:md5,8bd45f14e5074165ec65320c391bf656",
                "fastqc-1_per_base_n_content_plot.txt:md5,528465bc84220287c93d7caf7d493f7c",
                "fastqc-1_per_base_sequence_quality_plot.txt:md5,84d46d06a517a97a148022ebf879173c",
                "fastqc-1_per_sequence_gc_content_plot_Counts.txt:md5,0978334918d598b073c28ca65f592e06",
                "fastqc-1_per_sequence_gc_content_plot_Percentages.txt:md5,7423bb83e45a6506e6f4bc375e75ea0b",
                "fastqc-1_per_sequence_quality_scores_plot.txt:md5,8f17310a0bda5ebf50c57c8fb552deca",
                "fastqc-1_sequence_counts_plot.txt:md5,769b7c7bd4f35131ae41d4072dfd7f08",
                "fastqc-1_sequence_duplication_levels_plot.txt:md5,28df91ce4236b86d07af3243112468a8",
                "fastqc-status-check-heatmap.txt:md5,2b343dc2eff4abe14ebf4318702f718d",
                "fastqc_adapter_content_plot.txt:md5,bed157b74cd8d5d7bcccc63f49952b14",
                "fastqc_per_base_n_content_plot.txt:md5,80c01883f4bd28d516fa26de0afa68c7",
                "fastqc_per_base_sequence_quality_plot.txt:md5,48c11ca6ca157c8c7de0375570f0f1c6",
                "fastqc_per_sequence_gc_content_plot_Counts.txt:md5,580d3362875561ce12d5026a0e2217a5",
                "fastqc_per_sequence_gc_content_plot_Percentages.txt:md5,18155309c6de1c37d329efe20fce672b",
                "fastqc_per_sequence_quality_scores_plot.txt:md5,e3fce899f5bb1e91799b52b3ac719d79",
                "fastqc_sequence_counts_plot.txt:md5,fdf8d9301054dd361eca5a740cdb7374",
                "fastqc_sequence_duplication_levels_plot.txt:md5,41b25abe9489c1ccce66d737f15d8771",
                "fastqc_sequence_length_distribution_plot.txt:md5,ac187bcce92bdc9f2c3a7688d4b4c423",
                "llms-full.txt:md5,b9e942373758b5f416db225e7dd959e4",
                "multiqc.log:md5,781307d77d2b02c3da20b92dea8a8958",
                "multiqc.parquet:md5,948131c349957180cc32cf245a9c7de9",
                "multiqc_bowtie2.txt:md5,a03a08625a6cd62cbf06915be9b53534",
                "multiqc_citations.txt:md5,fc3b892bcb044db38d106ecc35e7f367",
                "multiqc_data.json:md5,14c31b502435cfedafa4ca0056a05119",
                "multiqc_fastp.txt:md5,e2251158ca6bd50f4dbd3eab094f1711",
                "multiqc_fastqc.txt:md5,7b9e0981b5c3da75af82d096237a0b50",
                "multiqc_fastqc_fastqc-1.txt:md5,0dccf27f6103f29c38cca0b0a1c0ad0f",
                "multiqc_general_stats.txt:md5,02894377b74c63b954fdb4c493614963",
                "multiqc_samtools_stats.txt:md5,ca5f38768b4b7d2d5874ece6b1f927ed",
                "multiqc_software_versions.txt:md5,22e43f7b24e255f6e0de17ec6a065820",
                "multiqc_sources.txt:md5,b8a77df197c19a7057643d751624c7df",
                "samtools-stats-dp.txt:md5,71aac6d5afd518e4fe2dde1805ef30b3",
                "samtools_alignment_plot.txt:md5,9bea5bfd90d48d67ba7807141013d127",
                "bowtie2_pe_plot-cnt.pdf:md5,eaa5e7f7ddde7aaa35ef34c6a8401449",
                "bowtie2_pe_plot-pct.pdf:md5,8ee038d33d67da1e1bfe9c2ffa81a2d5",
                "fastp-insert-size-plot.pdf:md5,0538ca950a68c2f501f52f6f4cfdbe19",
                "fastp-seq-content-gc-plot_Read_1_After_filtering.pdf:md5,58ffa993363684d22d4e4aa1f8f49190",
                "fastp-seq-content-gc-plot_Read_1_Before_filtering.pdf:md5,c4cc4fabfc1e0e395cefe389e68e1469",
                "fastp-seq-content-gc-plot_Read_2_After_filtering.pdf:md5,f258dd72fd66cc8a409207581f1106a1",
                "fastp-seq-content-gc-plot_Read_2_Before_filtering.pdf:md5,135386a4104a0a53b18ea9773bcd8b16",
                "fastp-seq-content-n-plot_Read_1_After_filtering.pdf:md5,60b6acad6ac1f4a1b2960f7867c09fa7",
                "fastp-seq-content-n-plot_Read_1_Before_filtering.pdf:md5,c4a8e41334432b79c1cd514895057aca",
                "fastp-seq-content-n-plot_Read_2_After_filtering.pdf:md5,51f7c16ea38dadb4a2725eec50d012f6",
                "fastp-seq-content-n-plot_Read_2_Before_filtering.pdf:md5,64fec669701e4f542c5766b2e393152a",
                "fastp-seq-quality-plot_Read_1_After_filtering.pdf:md5,ca98854c03f5cee77e13288a1fd5cacf",
                "fastp-seq-quality-plot_Read_1_Before_filtering.pdf:md5,37e6beef6d97a2b2bb50bb01ec855644",
                "fastp-seq-quality-plot_Read_2_After_filtering.pdf:md5,68e545a140542cb45aa4763cdcbe2aa4",
                "fastp-seq-quality-plot_Read_2_Before_filtering.pdf:md5,f227c58b8fa7ff5355d84b8a838664a7",
                "fastp_filtered_reads_plot-cnt.pdf:md5,6edd13b71740c0f165e9d543177b34a8",
                "fastp_filtered_reads_plot-pct.pdf:md5,abd01f10955fa0ff37ffc2cdb9a81a62",
                "fastqc-1_adapter_content_plot.pdf:md5,577eb9f0d0466d9d26b4e4f34fc8e2af",
                "fastqc-1_per_base_n_content_plot.pdf:md5,128ccf8be0b13be51a7875242453ce0d",
                "fastqc-1_per_base_sequence_quality_plot.pdf:md5,adc5bdfcc84e39553eb8124220d8117b",
                "fastqc-1_per_sequence_gc_content_plot_Counts.pdf:md5,e5e3809a81b935462cc6b5fbd5fed351",
                "fastqc-1_per_sequence_gc_content_plot_Percentages.pdf:md5,da3cbb4f2f64b8637c41f1b780dd284b",
                "fastqc-1_per_sequence_quality_scores_plot.pdf:md5,0b2f26b4cefa29fef326f7630ea49a68",
                "fastqc-1_sequence_counts_plot-cnt.pdf:md5,19a85c079c83cc607f5be6ba8823a762",
                "fastqc-1_sequence_counts_plot-pct.pdf:md5,3ba704eb7f81ca0419b477ba98da1467",
                "fastqc-1_sequence_duplication_levels_plot.pdf:md5,3c4733abec8d17d5e2bc7cdbc03bab90",
                "fastqc_adapter_content_plot.pdf:md5,d48389bcdccb8c7878454ce96db40804",
                "fastqc_per_base_n_content_plot.pdf:md5,6002a60c36ca488f11dd48d478e66257",
                "fastqc_per_base_sequence_quality_plot.pdf:md5,f64f775336b8b5b2e5cd84f5a9e21465",
                "fastqc_per_sequence_gc_content_plot_Counts.pdf:md5,1fc9db11c3d5107958ce1359861462b3",
                "fastqc_per_sequence_gc_content_plot_Percentages.pdf:md5,37e05c4c93238e62069e095b86a12c26",
                "fastqc_per_sequence_quality_scores_plot.pdf:md5,1419500e4589a7249dae83c9686163ff",
                "fastqc_sequence_counts_plot-cnt.pdf:md5,70d6895e2fea56a0d3c30f3fd25db1bb",
                "fastqc_sequence_counts_plot-pct.pdf:md5,3c92ac6c2fe61dfc0c998853329b86dc",
                "fastqc_sequence_duplication_levels_plot.pdf:md5,894b9a4ca780a278f2e33bc3abcad50f",
                "fastqc_sequence_length_distribution_plot.pdf:md5,95f7731ba907ae979b390f0872666290",
                "samtools-stats-dp.pdf:md5,628513252e1e4b346d5f55ea1ee48cc8",
                "samtools_alignment_plot-cnt.pdf:md5,6ed496741ff24c66d0ad855a6f8d2d9c",
                "samtools_alignment_plot-pct.pdf:md5,6af189521cc575c758a1860c254e9149",
                "bowtie2_pe_plot-cnt.png:md5,0ac43d709745bae771ac9e4989f7d306",
                "bowtie2_pe_plot-pct.png:md5,6c614c199eac5abd64a7eab9f85f8821",
                "fastp-insert-size-plot.png:md5,fc76b0ceb7968d1fe8f4ead5d3dab773",
                "fastp-seq-content-gc-plot_Read_1_After_filtering.png:md5,ed3eb33fef98a640618c96d94230a255",
                "fastp-seq-content-gc-plot_Read_1_Before_filtering.png:md5,742e0a9ef905ecb59fd288e79be7f84f",
                "fastp-seq-content-gc-plot_Read_2_After_filtering.png:md5,16a8d662122a3b0249b0dfcadc39f73b",
                "fastp-seq-content-gc-plot_Read_2_Before_filtering.png:md5,ec68db70357c27a95776fa2493cccf3c",
                "fastp-seq-content-n-plot_Read_1_After_filtering.png:md5,fcf5609db4b7fd897019ed7bd07930a4",
                "fastp-seq-content-n-plot_Read_1_Before_filtering.png:md5,896c648f4edca9a2be1d12901815d821",
                "fastp-seq-content-n-plot_Read_2_After_filtering.png:md5,30ac6a95ffdf5681f41c020e553903eb",
                "fastp-seq-content-n-plot_Read_2_Before_filtering.png:md5,731e9fdb38be2c98e6454c7343a439c2",
                "fastp-seq-quality-plot_Read_1_After_filtering.png:md5,5b733de9446825e43786ab88b465fa86",
                "fastp-seq-quality-plot_Read_1_Before_filtering.png:md5,ac989c9e9618918dea6d8a192ef6a217",
                "fastp-seq-quality-plot_Read_2_After_filtering.png:md5,161c566c4f39189e10ff511740fe5a24",
                "fastp-seq-quality-plot_Read_2_Before_filtering.png:md5,e97d2a958c0f00813c332337dcdd1b0a",
                "fastp_filtered_reads_plot-cnt.png:md5,b36750de7503fdc0cf42ac248df7b9cc",
                "fastp_filtered_reads_plot-pct.png:md5,77ca1101bb1f20f10fd8f60adfadfe79",
                "fastqc-1_adapter_content_plot.png:md5,a11bc4fb6b28db6e6c2981d879461687",
                "fastqc-1_per_base_n_content_plot.png:md5,4f1316bde1c6466017667e6e1d01bf2f",
                "fastqc-1_per_base_sequence_quality_plot.png:md5,1f8504e7c158b77f8e261f8e892f6db1",
                "fastqc-1_per_sequence_gc_content_plot_Counts.png:md5,908b4650ab5a34f8568cbde108397064",
                "fastqc-1_per_sequence_gc_content_plot_Percentages.png:md5,6e0ae8d4b513330947d243098fce89f5",
                "fastqc-1_per_sequence_quality_scores_plot.png:md5,e206e7ba6e7768f598ffce1038305c35",
                "fastqc-1_sequence_counts_plot-cnt.png:md5,14216e7fc8c4862786717b96dc4e1e7f",
                "fastqc-1_sequence_counts_plot-pct.png:md5,0facce3afb26a83e5ecb0bd00216a74a",
                "fastqc-1_sequence_duplication_levels_plot.png:md5,325cdacc1da27c9a9de060a3d08125aa",
                "fastqc_adapter_content_plot.png:md5,717b588e77b8a5ef346fbaad13997595",
                "fastqc_per_base_n_content_plot.png:md5,4757c3560cbb6580ebd11d6901c66303",
                "fastqc_per_base_sequence_quality_plot.png:md5,021a34cb9974961ac22ed129e9e9de05",
                "fastqc_per_sequence_gc_content_plot_Counts.png:md5,cf0595a76f658a5c670b3283eca8798f",
                "fastqc_per_sequence_gc_content_plot_Percentages.png:md5,2f9b9caad2724557716e4c608e15bfea",
                "fastqc_per_sequence_quality_scores_plot.png:md5,18cdc0f384400ac05e0e616a66af36cb",
                "fastqc_sequence_counts_plot-cnt.png:md5,5d1e417c462341ab79181407276ed781",
                "fastqc_sequence_counts_plot-pct.png:md5,6b792c8817b8df8f1338d69509181d72",
                "fastqc_sequence_duplication_levels_plot.png:md5,101d031989feab8fa5a2015a946e143e",
                "fastqc_sequence_length_distribution_plot.png:md5,f143640ba9f62a0fbe2d3e53e7286921",
                "samtools-stats-dp.png:md5,bfd8f3e5a2b096b03a19c0080e7f4f71",
                "samtools_alignment_plot-cnt.png:md5,61351cb8a25d489091b9dde8f378c1c3",
                "samtools_alignment_plot-pct.png:md5,32f9431c5b4e2a37d79a3a1b11a9df8d",
                "bowtie2_pe_plot-cnt.svg:md5,04659145eae2de2a95b6933e61513744",
                "bowtie2_pe_plot-pct.svg:md5,1b879ad0710f4f953d07c47849ac748f",
                "fastp-insert-size-plot.svg:md5,77972930830ab2cafca344124a6e52f9",
                "fastp-seq-content-gc-plot_Read_1_After_filtering.svg:md5,91b5ac803c0f4eec63d4ade8983db463",
                "fastp-seq-content-gc-plot_Read_1_Before_filtering.svg:md5,2c05cd821c01a5cd53af6c289a12c5e6",
                "fastp-seq-content-gc-plot_Read_2_After_filtering.svg:md5,a58a34eda7615f0fbad93ce7277e9874",
                "fastp-seq-content-gc-plot_Read_2_Before_filtering.svg:md5,4df2f70369b6fcb0273a5cd991d4cd59",
                "fastp-seq-content-n-plot_Read_1_After_filtering.svg:md5,979e06e2706cc9ebc0981d22f3116c2b",
                "fastp-seq-content-n-plot_Read_1_Before_filtering.svg:md5,e85571f4ef51be23515d9c64ca8d6e42",
                "fastp-seq-content-n-plot_Read_2_After_filtering.svg:md5,00676a8f9f622208669ba9ac9a0ecb8c",
                "fastp-seq-content-n-plot_Read_2_Before_filtering.svg:md5,6bf9164d3c9d0051f54197f9ca43d2c5",
                "fastp-seq-quality-plot_Read_1_After_filtering.svg:md5,19679a2e96f3f06b87b5d3fc9742972c",
                "fastp-seq-quality-plot_Read_1_Before_filtering.svg:md5,4c6d3c9f966840567ca65b25e2b7053d",
                "fastp-seq-quality-plot_Read_2_After_filtering.svg:md5,a06f1fbf74e814f4bedbbbb49ad66315",
                "fastp-seq-quality-plot_Read_2_Before_filtering.svg:md5,d006c36a5b2dccdb384da6974e706395",
                "fastp_filtered_reads_plot-cnt.svg:md5,8c93ac3214683da4e4c88267215fbbd3",
                "fastp_filtered_reads_plot-pct.svg:md5,c5231e1987df25688d370ed0486cfb0f",
                "fastqc-1_adapter_content_plot.svg:md5,f8608ba45e03445ce8ad7303b0f5ef41",
                "fastqc-1_per_base_n_content_plot.svg:md5,f2f9aa3f1f0a96d22b31d3fcfe20e1d7",
                "fastqc-1_per_base_sequence_quality_plot.svg:md5,32af0df40d2417dccb3884dc16360121",
                "fastqc-1_per_sequence_gc_content_plot_Counts.svg:md5,d7d63743e423d1fa8d44c9cecced3dcc",
                "fastqc-1_per_sequence_gc_content_plot_Percentages.svg:md5,e30adad2bcdc895ed11b722e95e61d41",
                "fastqc-1_per_sequence_quality_scores_plot.svg:md5,1038ac55c9dbe87d7b302b35b897878d",
                "fastqc-1_sequence_counts_plot-cnt.svg:md5,f3b78445e80e61e1ffeb3569ff07e2fa",
                "fastqc-1_sequence_counts_plot-pct.svg:md5,b0047d47e8ce413a42dbfe1346d56015",
                "fastqc-1_sequence_duplication_levels_plot.svg:md5,fade18ce6c8bc9ba20a22f70461ee479",
                "fastqc_adapter_content_plot.svg:md5,e4a8d26b84d7893c84640a9080cd92be",
                "fastqc_per_base_n_content_plot.svg:md5,6f82335ee26461127cfdbe5432629b78",
                "fastqc_per_base_sequence_quality_plot.svg:md5,d5fd09f249f150552479bba3ad78e7df",
                "fastqc_per_sequence_gc_content_plot_Counts.svg:md5,23e0d0c65f105f2da3158f176bed9b9a",
                "fastqc_per_sequence_gc_content_plot_Percentages.svg:md5,995a08c90bebf91c6c350e76057c11a5",
                "fastqc_per_sequence_quality_scores_plot.svg:md5,7fb28ea75b36e1b772c53a476b2fe4da",
                "fastqc_sequence_counts_plot-cnt.svg:md5,a277075a0fd7ad351bf5f2c677ac7344",
                "fastqc_sequence_counts_plot-pct.svg:md5,becb1ca71166a649340df3116ebd6a4a",
                "fastqc_sequence_duplication_levels_plot.svg:md5,e49a6baaf9a268cd90cb9e5cb425d713",
                "fastqc_sequence_length_distribution_plot.svg:md5,16330d41608a97f4e37a22a645c74671",
                "samtools-stats-dp.svg:md5,f0662af647e04c9867a9cb1a2e866929",
                "samtools_alignment_plot-cnt.svg:md5,1d30f776d1ba36a3d00097f5aa0640e1",
                "samtools_alignment_plot-pct.svg:md5,470a0698d5ae894e3dad0de9c53d379c",
                "multiqc_report.html:md5,def2db270b291c8101e3c37b7416b3e2",
                "params_2026-05-22_11-35-40.json:md5,49a2ae1a2a53ac9d67320fdeb87ba568",
                "pipeline_dag_2026-05-22_11-35-38.html:md5,90fa6af86f0c0587d847796c3b09c986",
                "zellerlab_flexprofiler_software_mqc_versions.yml:md5,71f1c8c3f53bfbc0827cb74f41391358",
                "2612_ERR5766176.stats:md5,4ea020a86d3ba2e89efed76da43577ea",
                "2612_ERR5766176_B.stats:md5,9868cd737f5c6e7287f0722eda4e7607",
                "2613_ERR5766181.stats:md5,6a95fc0aff361207910cb344071eee86"
            ]
        ],
        "timestamp": "2026-05-22T11:49:12.039541",
        "meta": {
            "nf-test": "0.9.5",
            "nextflow": "25.10.4"
        }
    }
}