{
    "number_of_tasks": {
        "content": [
            0
        ],
        "timestamp": "2026-05-22T18:41:21.212164",
        "meta": {
            "nf-test": "0.9.5",
            "nextflow": "25.10.4"
        }
    },
    "software_versions": {
        "content": [
            {
                
            }
        ],
        "timestamp": "2026-05-22T18:34:59.335171",
        "meta": {
            "nf-test": "0.9.5",
            "nextflow": "25.10.4"
        }
    },
    "filenames": {
        "content": [
            [
                
            ]
        ],
        "timestamp": "2026-05-22T18:34:59.339631",
        "meta": {
            "nf-test": "0.9.5",
            "nextflow": "25.10.4"
        }
    },
    "md5sums": {
        "content": [
            [
                
            ]
        ],
        "timestamp": "2026-05-22T18:34:59.340682",
        "meta": {
            "nf-test": "0.9.5",
            "nextflow": "25.10.4"
        }
    }
}