{
    "number_of_tasks": {
        "content": [
            0
        ],
        "timestamp": "2026-05-28T14:15:01.264213545",
        "meta": {
            "nf-test": "0.9.5",
            "nextflow": "26.04.2"
        }
    },
    "software_versions": {
        "content": [
            {
                
            }
        ],
        "timestamp": "2026-05-28T14:15:01.209723123",
        "meta": {
            "nf-test": "0.9.5",
            "nextflow": "26.04.2"
        }
    },
    "filenames": {
        "content": [
            [
                "pipeline_info"
            ]
        ],
        "timestamp": "2026-05-28T14:15:01.30827453",
        "meta": {
            "nf-test": "0.9.5",
            "nextflow": "26.04.2"
        }
    }
}